{
  "version": "1.5.0",
  "plugins_used": [
    {
      "name": "ArtifactoryDetector"
    },
    {
      "name": "AWSKeyDetector"
    },
    {
      "name": "AzureStorageKeyDetector"
    },
    {
      "name": "Base64HighEntropyString",
      "limit": 4.5
    },
    {
      "name": "BasicAuthDetector"
    },
    {
      "name": "CloudantDetector"
    },
    {
      "name": "DiscordBotTokenDetector"
    },
    {
      "name": "GitHubTokenDetector"
    },
    {
      "name": "GitLabTokenDetector"
    },
    {
      "name": "HexHighEntropyString",
      "limit": 3.0
    },
    {
      "name": "IbmCloudIamDetector"
    },
    {
      "name": "IbmCosHmacDetector"
    },
    {
      "name": "IPPublicDetector"
    },
    {
      "name": "JwtTokenDetector"
    },
    {
      "name": "KeywordDetector",
      "keyword_exclude": ""
    },
    {
      "name": "MailchimpDetector"
    },
    {
      "name": "NpmDetector"
    },
    {
      "name": "OpenAIDetector"
    },
    {
      "name": "PrivateKeyDetector"
    },
    {
      "name": "PypiTokenDetector"
    },
    {
      "name": "SendGridDetector"
    },
    {
      "name": "SlackDetector"
    },
    {
      "name": "SoftlayerDetector"
    },
    {
      "name": "SquareOAuthDetector"
    },
    {
      "name": "StripeDetector"
    },
    {
      "name": "TelegramBotTokenDetector"
    },
    {
      "name": "TwilioKeyDetector"
    }
  ],
  "filters_used": [
    {
      "path": "detect_secrets.filters.allowlist.is_line_allowlisted"
    },
    {
      "path": "detect_secrets.filters.common.is_ignored_due_to_verification_policies",
      "min_level": 2
    },
    {
      "path": "detect_secrets.filters.heuristic.is_indirect_reference"
    },
    {
      "path": "detect_secrets.filters.heuristic.is_likely_id_string"
    },
    {
      "path": "detect_secrets.filters.heuristic.is_lock_file"
    },
    {
      "path": "detect_secrets.filters.heuristic.is_not_alphanumeric_string"
    },
    {
      "path": "detect_secrets.filters.heuristic.is_potential_uuid"
    },
    {
      "path": "detect_secrets.filters.heuristic.is_prefixed_with_dollar_sign"
    },
    {
      "path": "detect_secrets.filters.heuristic.is_sequential_string"
    },
    {
      "path": "detect_secrets.filters.heuristic.is_swagger_file"
    },
    {
      "path": "detect_secrets.filters.heuristic.is_templated_secret"
    }
  ],
  "results": {
    ".github/workflows/ci.yml": [
      {
        "type": "Secret Keyword",
        "filename": ".github/workflows/ci.yml",
        "hashed_secret": "b620b9740f48745dce5641ec59e0167bf735c302",
        "is_verified": false,
        "line_number": 49
      },
      {
        "type": "Basic Auth Credentials",
        "filename": ".github/workflows/ci.yml",
        "hashed_secret": "b620b9740f48745dce5641ec59e0167bf735c302",
        "is_verified": false,
        "line_number": 66
      }
    ],
    "README.md": [
      {
        "type": "Basic Auth Credentials",
        "filename": "README.md",
        "hashed_secret": "5baa61e4c9b93f3f0682250b6cf8331b7ee68fd8",
        "is_verified": false,
        "line_number": 112
      }
    ],
    "backend/.env.example": [
      {
        "type": "Basic Auth Credentials",
        "filename": "backend/.env.example",
        "hashed_secret": "b620b9740f48745dce5641ec59e0167bf735c302",
        "is_verified": false,
        "line_number": 11
      }
    ],
    "backend/README.md": [
      {
        "type": "Basic Auth Credentials",
        "filename": "backend/README.md",
        "hashed_secret": "5baa61e4c9b93f3f0682250b6cf8331b7ee68fd8",
        "is_verified": false,
        "line_number": 23
      }
    ],
    "backend/alembic/versions/20260614_0959_e287169df13c_baseline.py": [
      {
        "type": "Hex High Entropy String",
        "filename": "backend/alembic/versions/20260614_0959_e287169df13c_baseline.py",
        "hashed_secret": "b14dcb7de95d75671687bd8ae28add049d8ba8a3",
        "is_verified": false,
        "line_number": 20
      }
    ],
    "backend/alembic/versions/20260614_1149_722e2afdc4b9_add_owner_user_id_to_sources_and_.py": [
      {
        "type": "Hex High Entropy String",
        "filename": "backend/alembic/versions/20260614_1149_722e2afdc4b9_add_owner_user_id_to_sources_and_.py",
        "hashed_secret": "f68c94ce556af1fafdfabf7cdb1335df0a67ad12",
        "is_verified": false,
        "line_number": 15
      }
    ],
    "backend/alembic/versions/20260614_1200_5f8c2b1a3d4e_add_owner_user_id_to_daily_reports.py": [
      {
        "type": "Hex High Entropy String",
        "filename": "backend/alembic/versions/20260614_1200_5f8c2b1a3d4e_add_owner_user_id_to_daily_reports.py",
        "hashed_secret": "b08d2a36343fb68014d21bbc737e78c53cccbd18",
        "is_verified": false,
        "line_number": 15
      }
    ],
    "backend/alembic/versions/20260614_1230_8a1f4b9d6c7e_daily_reports_unique_includes_owner.py": [
      {
        "type": "Hex High Entropy String",
        "filename": "backend/alembic/versions/20260614_1230_8a1f4b9d6c7e_daily_reports_unique_includes_owner.py",
        "hashed_secret": "867aa194f87e5a6c097691f055451d60c1addcde",
        "is_verified": false,
        "line_number": 24
      }
    ],
    "backend/alembic/versions/20260615_1300_a9c2f4e1b7d3_product_updates_one_record_per_version.py": [
      {
        "type": "Hex High Entropy String",
        "filename": "backend/alembic/versions/20260615_1300_a9c2f4e1b7d3_product_updates_one_record_per_version.py",
        "hashed_secret": "95cd68509067f69e0d36847de56500b472af75ea",
        "is_verified": false,
        "line_number": 21
      }
    ],
    "backend/alembic/versions/20260616_0000_b3f7d2a9c1e4_datetime_columns_tz_aware.py": [
      {
        "type": "Hex High Entropy String",
        "filename": "backend/alembic/versions/20260616_0000_b3f7d2a9c1e4_datetime_columns_tz_aware.py",
        "hashed_secret": "19fdfa49ed60514d7f0ab4faee6c9013eba53739",
        "is_verified": false,
        "line_number": 19
      },
      {
        "type": "Hex High Entropy String",
        "filename": "backend/alembic/versions/20260616_0000_b3f7d2a9c1e4_datetime_columns_tz_aware.py",
        "hashed_secret": "95cd68509067f69e0d36847de56500b472af75ea",
        "is_verified": false,
        "line_number": 20
      }
    ],
    "backend/alembic/versions/20260616_1430_c4e8f1a2b9d3_ai_analyses_summary_source.py": [
      {
        "type": "Hex High Entropy String",
        "filename": "backend/alembic/versions/20260616_1430_c4e8f1a2b9d3_ai_analyses_summary_source.py",
        "hashed_secret": "013f7228664ff8a6ae35d6cb7dc569beed4ac11d",
        "is_verified": false,
        "line_number": 21
      },
      {
        "type": "Hex High Entropy String",
        "filename": "backend/alembic/versions/20260616_1430_c4e8f1a2b9d3_ai_analyses_summary_source.py",
        "hashed_secret": "19fdfa49ed60514d7f0ab4faee6c9013eba53739",
        "is_verified": false,
        "line_number": 22
      }
    ],
    "backend/alembic/versions/20260616_1500_d5e9a2b3c4f5_content_items_unique_source_hash.py": [
      {
        "type": "Hex High Entropy String",
        "filename": "backend/alembic/versions/20260616_1500_d5e9a2b3c4f5_content_items_unique_source_hash.py",
        "hashed_secret": "9853811cc36c883c0badc79821427689b52830f7",
        "is_verified": false,
        "line_number": 27
      },
      {
        "type": "Hex High Entropy String",
        "filename": "backend/alembic/versions/20260616_1500_d5e9a2b3c4f5_content_items_unique_source_hash.py",
        "hashed_secret": "013f7228664ff8a6ae35d6cb7dc569beed4ac11d",
        "is_verified": false,
        "line_number": 28
      }
    ],
    "backend/alembic/versions/20260616_1530_e6b2c4d7f9a1_sources_etag_last_modified.py": [
      {
        "type": "Hex High Entropy String",
        "filename": "backend/alembic/versions/20260616_1530_e6b2c4d7f9a1_sources_etag_last_modified.py",
        "hashed_secret": "84b6d677d4f4bb8309f67d97e58f7caa38b5af98",
        "is_verified": false,
        "line_number": 18
      },
      {
        "type": "Hex High Entropy String",
        "filename": "backend/alembic/versions/20260616_1530_e6b2c4d7f9a1_sources_etag_last_modified.py",
        "hashed_secret": "9853811cc36c883c0badc79821427689b52830f7",
        "is_verified": false,
        "line_number": 19
      }
    ],
    "backend/alembic/versions/20260616_1700_a7c3b9d2e4f6_notifications_per_user.py": [
      {
        "type": "Hex High Entropy String",
        "filename": "backend/alembic/versions/20260616_1700_a7c3b9d2e4f6_notifications_per_user.py",
        "hashed_secret": "81b846ae9693a874d1093a56be271270f29640a9",
        "is_verified": false,
        "line_number": 25
      },
      {
        "type": "Hex High Entropy String",
        "filename": "backend/alembic/versions/20260616_1700_a7c3b9d2e4f6_notifications_per_user.py",
        "hashed_secret": "84b6d677d4f4bb8309f67d97e58f7caa38b5af98",
        "is_verified": false,
        "line_number": 26
      }
    ],
    "backend/alembic/versions/20260616_1800_b8d4c1e5f2a9_creation_plans_history.py": [
      {
        "type": "Hex High Entropy String",
        "filename": "backend/alembic/versions/20260616_1800_b8d4c1e5f2a9_creation_plans_history.py",
        "hashed_secret": "94ef9d96d98a7237ac4c32129f2e5e5c758b6343",
        "is_verified": false,
        "line_number": 23
      },
      {
        "type": "Hex High Entropy String",
        "filename": "backend/alembic/versions/20260616_1800_b8d4c1e5f2a9_creation_plans_history.py",
        "hashed_secret": "81b846ae9693a874d1093a56be271270f29640a9",
        "is_verified": false,
        "line_number": 24
      }
    ],
    "backend/alembic/versions/20260616_1900_c9e5d2f8a3b1_user_api_tokens.py": [
      {
        "type": "Hex High Entropy String",
        "filename": "backend/alembic/versions/20260616_1900_c9e5d2f8a3b1_user_api_tokens.py",
        "hashed_secret": "fb9f0fd6966b5fbee6797dc8e6502fff5f13a6e0",
        "is_verified": false,
        "line_number": 22
      },
      {
        "type": "Hex High Entropy String",
        "filename": "backend/alembic/versions/20260616_1900_c9e5d2f8a3b1_user_api_tokens.py",
        "hashed_secret": "94ef9d96d98a7237ac4c32129f2e5e5c758b6343",
        "is_verified": false,
        "line_number": 23
      }
    ],
    "backend/app/core/config.py": [
      {
        "type": "Secret Keyword",
        "filename": "backend/app/core/config.py",
        "hashed_secret": "de6299013e2f89cb1c07f2092a088fbbe2e99ff8",
        "is_verified": false,
        "line_number": 4
      }
    ],
    "backend/app/services/auth_service.py": [
      {
        "type": "Secret Keyword",
        "filename": "backend/app/services/auth_service.py",
        "hashed_secret": "40628ca9af68e9d181d3c555741cd65a7e1bfa19",
        "is_verified": false,
        "line_number": 102
      }
    ],
    "backend/app/services/secret_store.py": [
      {
        "type": "Secret Keyword",
        "filename": "backend/app/services/secret_store.py",
        "hashed_secret": "cc8625519ca2129f824d74d18d919e42fbaa87e3",
        "is_verified": false,
        "line_number": 10
      }
    ],
    "backend/app/services/trending_scrapers/_weibo.py": [
      {
        "type": "Base64 High Entropy String",
        "filename": "backend/app/services/trending_scrapers/_weibo.py",
        "hashed_secret": "c1b64329fe88eaf88782918319ffbc1e6c15ba0a",
        "is_verified": false,
        "line_number": 31
      }
    ],
    "backend/tests/test_admin_api_permissions.py": [
      {
        "type": "Secret Keyword",
        "filename": "backend/tests/test_admin_api_permissions.py",
        "hashed_secret": "b2e98ad6f6eb8508dd6a14cfa704bad7f05f6fb1",
        "is_verified": false,
        "line_number": 42
      }
    ],
    "backend/tests/test_analysis_notification_permissions.py": [
      {
        "type": "Secret Keyword",
        "filename": "backend/tests/test_analysis_notification_permissions.py",
        "hashed_secret": "b2e98ad6f6eb8508dd6a14cfa704bad7f05f6fb1",
        "is_verified": false,
        "line_number": 29
      }
    ],
    "backend/tests/test_api_token_auth.py": [
      {
        "type": "Secret Keyword",
        "filename": "backend/tests/test_api_token_auth.py",
        "hashed_secret": "1a91d62f7ca67399625a4368a6ab5d4a3baa6073",
        "is_verified": false,
        "line_number": 38
      }
    ],
    "backend/tests/test_auth.py": [
      {
        "type": "Secret Keyword",
        "filename": "backend/tests/test_auth.py",
        "hashed_secret": "b2e98ad6f6eb8508dd6a14cfa704bad7f05f6fb1",
        "is_verified": false,
        "line_number": 89
      },
      {
        "type": "Secret Keyword",
        "filename": "backend/tests/test_auth.py",
        "hashed_secret": "1902e3d6fc4e78a0bcc50ba12b882769afbf4a8c",
        "is_verified": false,
        "line_number": 114
      },
      {
        "type": "Secret Keyword",
        "filename": "backend/tests/test_auth.py",
        "hashed_secret": "a4b48a81cdab1e1a5dd37907d6c85ca1c61ddc7c",
        "is_verified": false,
        "line_number": 226
      },
      {
        "type": "Secret Keyword",
        "filename": "backend/tests/test_auth.py",
        "hashed_secret": "594af0041bfcd364057cd306b89a000de3a906db",
        "is_verified": false,
        "line_number": 251
      },
      {
        "type": "Secret Keyword",
        "filename": "backend/tests/test_auth.py",
        "hashed_secret": "15a8d15e55e9115204e5e0fcb1509fc02a6ddad6",
        "is_verified": false,
        "line_number": 279
      }
    ],
    "backend/tests/test_content_action_permissions.py": [
      {
        "type": "Secret Keyword",
        "filename": "backend/tests/test_content_action_permissions.py",
        "hashed_secret": "b2e98ad6f6eb8508dd6a14cfa704bad7f05f6fb1",
        "is_verified": false,
        "line_number": 31
      }
    ],
    "backend/tests/test_creation_history.py": [
      {
        "type": "Secret Keyword",
        "filename": "backend/tests/test_creation_history.py",
        "hashed_secret": "1a91d62f7ca67399625a4368a6ab5d4a3baa6073",
        "is_verified": false,
        "line_number": 58
      }
    ],
    "backend/tests/test_db_backend.py": [
      {
        "type": "Basic Auth Credentials",
        "filename": "backend/tests/test_db_backend.py",
        "hashed_secret": "e5e9fa1ba31ecd1ae84f75caaa474f3a663f05f4",
        "is_verified": false,
        "line_number": 47
      },
      {
        "type": "Secret Keyword",
        "filename": "backend/tests/test_db_backend.py",
        "hashed_secret": "063eec7d9813aff47df6412a25195c426834f907",
        "is_verified": false,
        "line_number": 96
      }
    ],
    "backend/tests/test_duckdb_service.py": [
      {
        "type": "Secret Keyword",
        "filename": "backend/tests/test_duckdb_service.py",
        "hashed_secret": "063eec7d9813aff47df6412a25195c426834f907",
        "is_verified": false,
        "line_number": 29
      }
    ],
    "backend/tests/test_feedback_creation_permissions.py": [
      {
        "type": "Secret Keyword",
        "filename": "backend/tests/test_feedback_creation_permissions.py",
        "hashed_secret": "b2e98ad6f6eb8508dd6a14cfa704bad7f05f6fb1",
        "is_verified": false,
        "line_number": 25
      }
    ],
    "backend/tests/test_llm_models.py": [
      {
        "type": "Secret Keyword",
        "filename": "backend/tests/test_llm_models.py",
        "hashed_secret": "b2e98ad6f6eb8508dd6a14cfa704bad7f05f6fb1",
        "is_verified": false,
        "line_number": 41
      },
      {
        "type": "Secret Keyword",
        "filename": "backend/tests/test_llm_models.py",
        "hashed_secret": "5554e94868ec5743b1d5289adbba93787092e80a",
        "is_verified": false,
        "line_number": 52
      },
      {
        "type": "Secret Keyword",
        "filename": "backend/tests/test_llm_models.py",
        "hashed_secret": "3acfb2c2b433c0ea7ff107e33df91b18e52f960f",
        "is_verified": false,
        "line_number": 125
      },
      {
        "type": "Secret Keyword",
        "filename": "backend/tests/test_llm_models.py",
        "hashed_secret": "f93640458964af294a485bc6d597694cf3308e1f",
        "is_verified": false,
        "line_number": 189
      },
      {
        "type": "Secret Keyword",
        "filename": "backend/tests/test_llm_models.py",
        "hashed_secret": "e5e9fa1ba31ecd1ae84f75caaa474f3a663f05f4",
        "is_verified": false,
        "line_number": 227
      },
      {
        "type": "Secret Keyword",
        "filename": "backend/tests/test_llm_models.py",
        "hashed_secret": "ee82dc5afbdde185b8b4fd4d177300b87c97da0f",
        "is_verified": false,
        "line_number": 278
      },
      {
        "type": "Secret Keyword",
        "filename": "backend/tests/test_llm_models.py",
        "hashed_secret": "fa3f8556220674269a6130b0eedd21dec9c033fb",
        "is_verified": false,
        "line_number": 325
      },
      {
        "type": "Secret Keyword",
        "filename": "backend/tests/test_llm_models.py",
        "hashed_secret": "bc9cb97772da34eaa2de143140195bbb7e6828f7",
        "is_verified": false,
        "line_number": 438
      }
    ],
    "backend/tests/test_llm_provider_routing.py": [
      {
        "type": "Secret Keyword",
        "filename": "backend/tests/test_llm_provider_routing.py",
        "hashed_secret": "3acfb2c2b433c0ea7ff107e33df91b18e52f960f",
        "is_verified": false,
        "line_number": 15
      }
    ],
    "backend/tests/test_mother_topics_permissions.py": [
      {
        "type": "Secret Keyword",
        "filename": "backend/tests/test_mother_topics_permissions.py",
        "hashed_secret": "b2e98ad6f6eb8508dd6a14cfa704bad7f05f6fb1",
        "is_verified": false,
        "line_number": 25
      }
    ],
    "backend/tests/test_notification_per_user.py": [
      {
        "type": "Secret Keyword",
        "filename": "backend/tests/test_notification_per_user.py",
        "hashed_secret": "1a91d62f7ca67399625a4368a6ab5d4a3baa6073",
        "is_verified": false,
        "line_number": 40
      }
    ],
    "backend/tests/test_plan_catalog.py": [
      {
        "type": "Secret Keyword",
        "filename": "backend/tests/test_plan_catalog.py",
        "hashed_secret": "b2e98ad6f6eb8508dd6a14cfa704bad7f05f6fb1",
        "is_verified": false,
        "line_number": 74
      }
    ],
    "backend/tests/test_product_feedback_api.py": [
      {
        "type": "Secret Keyword",
        "filename": "backend/tests/test_product_feedback_api.py",
        "hashed_secret": "b2e98ad6f6eb8508dd6a14cfa704bad7f05f6fb1",
        "is_verified": false,
        "line_number": 26
      }
    ],
    "backend/tests/test_review_api_permissions.py": [
      {
        "type": "Secret Keyword",
        "filename": "backend/tests/test_review_api_permissions.py",
        "hashed_secret": "b2e98ad6f6eb8508dd6a14cfa704bad7f05f6fb1",
        "is_verified": false,
        "line_number": 29
      }
    ],
    "backend/tests/test_scoring_flow.py": [
      {
        "type": "Secret Keyword",
        "filename": "backend/tests/test_scoring_flow.py",
        "hashed_secret": "b2e98ad6f6eb8508dd6a14cfa704bad7f05f6fb1",
        "is_verified": false,
        "line_number": 307
      }
    ],
    "backend/tests/test_settings_notifications_api.py": [
      {
        "type": "Secret Keyword",
        "filename": "backend/tests/test_settings_notifications_api.py",
        "hashed_secret": "063eec7d9813aff47df6412a25195c426834f907",
        "is_verified": false,
        "line_number": 182
      }
    ],
    "backend/tests/test_stats_api.py": [
      {
        "type": "Secret Keyword",
        "filename": "backend/tests/test_stats_api.py",
        "hashed_secret": "b2e98ad6f6eb8508dd6a14cfa704bad7f05f6fb1",
        "is_verified": false,
        "line_number": 26
      }
    ],
    "backend/tests/test_trending_admin_permissions.py": [
      {
        "type": "Secret Keyword",
        "filename": "backend/tests/test_trending_admin_permissions.py",
        "hashed_secret": "b2e98ad6f6eb8508dd6a14cfa704bad7f05f6fb1",
        "is_verified": false,
        "line_number": 41
      }
    ],
    "backend/tests/test_weread_integration.py": [
      {
        "type": "Secret Keyword",
        "filename": "backend/tests/test_weread_integration.py",
        "hashed_secret": "b2e98ad6f6eb8508dd6a14cfa704bad7f05f6fb1",
        "is_verified": false,
        "line_number": 91
      },
      {
        "type": "Secret Keyword",
        "filename": "backend/tests/test_weread_integration.py",
        "hashed_secret": "0d1ba4509c923a83521bd9bc35e30390114e3d0b",
        "is_verified": false,
        "line_number": 93
      },
      {
        "type": "Secret Keyword",
        "filename": "backend/tests/test_weread_integration.py",
        "hashed_secret": "ca8ce0cd8c6df297824fbf65c6b276be9f4b0d21",
        "is_verified": false,
        "line_number": 99
      },
      {
        "type": "Secret Keyword",
        "filename": "backend/tests/test_weread_integration.py",
        "hashed_secret": "083cd2de118bf5b58f6eff2e37e77f677edee229",
        "is_verified": false,
        "line_number": 129
      },
      {
        "type": "Secret Keyword",
        "filename": "backend/tests/test_weread_integration.py",
        "hashed_secret": "2aefdf8cd02f09a932c035ee42e2fe3a4d2efef9",
        "is_verified": false,
        "line_number": 137
      },
      {
        "type": "Secret Keyword",
        "filename": "backend/tests/test_weread_integration.py",
        "hashed_secret": "233b604e208963ca01cb3bc39d105c88fdad209b",
        "is_verified": false,
        "line_number": 164
      },
      {
        "type": "Secret Keyword",
        "filename": "backend/tests/test_weread_integration.py",
        "hashed_secret": "3ebe937956a7960fc5fb00c7eacfaa60ad6b8dd3",
        "is_verified": false,
        "line_number": 260
      },
      {
        "type": "Secret Keyword",
        "filename": "backend/tests/test_weread_integration.py",
        "hashed_secret": "9d79caf3916ecaed9d9ef9a7b70f3b30e5608048",
        "is_verified": false,
        "line_number": 307
      },
      {
        "type": "Secret Keyword",
        "filename": "backend/tests/test_weread_integration.py",
        "hashed_secret": "110f1800335d35a9a6d70ce066811b564e8e25e3",
        "is_verified": false,
        "line_number": 333
      },
      {
        "type": "Secret Keyword",
        "filename": "backend/tests/test_weread_integration.py",
        "hashed_secret": "c30f5dc6b0d84a21ddbe78ada994473f41e2a160",
        "is_verified": false,
        "line_number": 383
      },
      {
        "type": "Secret Keyword",
        "filename": "backend/tests/test_weread_integration.py",
        "hashed_secret": "983590da30851b38bd0cd9f502f8a0c576c129d7",
        "is_verified": false,
        "line_number": 400
      },
      {
        "type": "Secret Keyword",
        "filename": "backend/tests/test_weread_integration.py",
        "hashed_secret": "069968d1e01263ed866579496b3512df0df319c7",
        "is_verified": false,
        "line_number": 419
      },
      {
        "type": "Secret Keyword",
        "filename": "backend/tests/test_weread_integration.py",
        "hashed_secret": "64b1f5427fcd30f8fa8d575d1ee670d7ecf6874d",
        "is_verified": false,
        "line_number": 468
      },
      {
        "type": "Secret Keyword",
        "filename": "backend/tests/test_weread_integration.py",
        "hashed_secret": "4534522e089de21e06a9da9f24c8c735776cec06",
        "is_verified": false,
        "line_number": 507
      }
    ],
    "backend/tests/test_youtube_scraper.py": [
      {
        "type": "Base64 High Entropy String",
        "filename": "backend/tests/test_youtube_scraper.py",
        "hashed_secret": "3b4af6209449cc7bf495e2cfd9d263976a2e73c1",
        "is_verified": false,
        "line_number": 66
      },
      {
        "type": "Base64 High Entropy String",
        "filename": "backend/tests/test_youtube_scraper.py",
        "hashed_secret": "43d9ef31e68cd5683f874e88f8d737b35cf7e223",
        "is_verified": false,
        "line_number": 147
      }
    ]
  },
  "generated_at": "2026-06-16T14:52:21Z"
}
